main.c:123:6:hx711_delay_us	16	static,ignoring_inline_asm
main.c:135:10:read_weight	32	static
main.c:175:10:read_weight_average	24	static
main.c:188:6:set_zero_weight	24	static
main.c:213:5:main	16	static
main.c:326:6:SystemClock_Config	88	static
main.c:371:13:MX_ADC1_Init	24	static
main.c:421:13:MX_I2C1_Init	8	static
main.c:455:13:MX_USART2_UART_Init	8	static
main.c:488:13:MX_GPIO_Init	48	static
main.c:543:6:StartDefaultTask	16	static
main.c:560:6:StartWeightSense	64	static
main.c:625:6:ResetWeightHandle	24	static
main.c:655:6:StartWatchLDR	24	static
main.c:688:6:Error_Handler	4	static,ignoring_inline_asm
