main.c:124:6:hx711_delay_us	16	static,ignoring_inline_asm
main.c:136:10:read_weight	32	static
main.c:180:10:read_weight_average	24	static
main.c:194:6:set_zero_weight	24	static
main.c:220:5:main	16	static
main.c:333:6:SystemClock_Config	88	static
main.c:378:13:MX_ADC1_Init	24	static
main.c:428:13:MX_I2C1_Init	8	static
main.c:462:13:MX_USART2_UART_Init	8	static
main.c:495:13:MX_GPIO_Init	48	static
main.c:550:6:StartDefaultTask	16	static
main.c:567:6:StartWeightSense	64	static
main.c:640:6:ResetWeightHandle	24	static
main.c:674:6:StartWatchLDR	24	static
main.c:707:6:Error_Handler	4	static,ignoring_inline_asm
